[RA] -> wan3 wan3.0-video 720P 16:9 8s refs=6 first=False last=False est $0.80
  wan3 submitted task bd00942f-cdea-44ca-84fe-2e2f610fea04
  wan3 task bd00942f-cdea-44ca-84fe-2e2f610fea04: RUNNING
  wan3 task bd00942f-cdea-44ca-84fe-2e2f610fea04: SUCCEEDED
[RA] done in 189.1s -> songs/a07-butterfly\out\RA-seed30313-w3.mp4 (running list-price estimate $0.80)
[RB] -> wan3 wan3.0-video 720P 16:9 8s refs=4 first=False last=False est $0.80
  wan3 submitted task 9ef158f1-3bb4-420b-bc37-116ab8f53fba
  wan3 task 9ef158f1-3bb4-420b-bc37-116ab8f53fba: RUNNING
  wan3 task 9ef158f1-3bb4-420b-bc37-116ab8f53fba: SUCCEEDED
[RB] done in 172.7s -> songs/a07-butterfly\out\RB-seed30313-w3.mp4 (running list-price estimate $1.60)
[V1a] -> wan3 wan3.0-video 720P 16:9 5s refs=3 first=False last=False est $0.50
  wan3 submitted task 60e3eefe-b3c7-4de9-b6de-5aa7bd404d6d
  wan3 task 60e3eefe-b3c7-4de9-b6de-5aa7bd404d6d: RUNNING
  wan3 task 60e3eefe-b3c7-4de9-b6de-5aa7bd404d6d: SUCCEEDED
[V1a] done in 154.7s -> songs/a07-butterfly\out\V1a-seed30313-w3.mp4 (running list-price estimate $2.10)
[V2a] -> wan3 wan3.0-video 720P 16:9 5s refs=3 first=False last=False est $0.50
  wan3 submitted task cfeaaefb-e714-4747-9066-4984b0a24b4a
  wan3 task cfeaaefb-e714-4747-9066-4984b0a24b4a: RUNNING
  wan3 task cfeaaefb-e714-4747-9066-4984b0a24b4a: SUCCEEDED
[V2a] done in 116.0s -> songs/a07-butterfly\out\V2a-seed30313-w3.mp4 (running list-price estimate $2.60)

SHOT       STATUS       WALL_S  FILE
RA         done          189.1  songs/a07-butterfly\out\RA-seed30313-w3.mp4
RB         done          172.7  songs/a07-butterfly\out\RB-seed30313-w3.mp4
V1a        done          154.7  songs/a07-butterfly\out\V1a-seed30313-w3.mp4
V2a        done          116.0  songs/a07-butterfly\out\V2a-seed30313-w3.mp4

total GPU-minutes (done shots): 10.5
