01 I1   in    0.000 use  6.767 slip 0.000 frames  203 hard-cut
02 I2   in    6.770 use  4.533 slip 0.000 frames  136 hard-cut
03 CH1=RA in   11.300 use  4.533 slip 0.000 frames  136 hard-cut
04 CH2=RB in   15.830 use  4.533 slip 1.000 frames  136 hard-cut
05 CH3  in   20.360 use  4.533 slip 0.000 frames  136 hard-cut
06 CH4  in   24.890 use  4.533 slip 0.000 frames  136 hard-cut
07 V1a  in   29.420 use  4.533 slip 0.000 frames  136 hard-cut
08 V1b  in   33.950 use  4.500 slip 0.000 frames  135 hard-cut
09 V1c  in   38.480 use  4.533 slip 0.000 frames  136 hard-cut
10 V1d  in   43.010 use  4.533 slip 0.000 frames  136 hard-cut
04 H1a=RB in   47.540 use  4.533 slip 2.450 frames  136 hard-cut
03 H1b=RA in   52.073 use  4.533 slip 2.060 frames  136 hard-cut
11 V2a  in   56.607 use  4.533 slip 0.000 frames  136 hard-cut
12 V2b  in   61.140 use  4.533 slip 0.000 frames  136 hard-cut
13 V2c  in   65.673 use  4.533 slip 0.000 frames  136 hard-cut
14 V2d  in   70.207 use  4.533 slip 0.000 frames  136 hard-cut
03 H2a=RA in   74.740 use  4.533 slip 0.790 frames  136 hard-cut
04 H2b=RB in   79.273 use  4.533 slip 1.550 frames  136 hard-cut
15 V3a  in   83.807 use  4.533 slip 0.000 frames  136 hard-cut
16 V3b  in   88.340 use  4.533 slip 0.000 frames  136 hard-cut
17 V3c  in   92.873 use  4.533 slip 0.000 frames  136 hard-cut
18 V3d  in   97.407 use  4.533 slip 0.000 frames  136 hard-cut
04 H3a=RB in  101.940 use  4.567 slip 3.000 frames  137 hard-cut
03 H3b=RA in  106.493 use  4.533 slip 2.850 frames  136 hard-cut
05 BRKa=CH3 in  111.045 use  4.567 slip 0.220 frames  137 hard-cut
19 BRKb in  115.597 use  4.533 slip 0.000 frames  136 hard-cut
20 V4a  in  120.150 use  4.567 slip 0.000 frames  137 hard-cut
21 V4b  in  124.703 use  4.567 slip 0.000 frames  137 hard-cut
22 V4c  in  129.255 use  4.533 slip 0.000 frames  136 hard-cut
23 V4d  in  133.808 use  4.567 slip 0.000 frames  137 hard-cut
03 H4a=RA in  138.360 use  4.567 slip 1.580 frames  137 hard-cut
04 H4b=RB in  142.923 use  4.567 slip 2.100 frames  137 hard-cut
24 V5a  in  147.487 use  4.567 slip 0.000 frames  137 hard-cut
25 V5b  in  152.050 use  4.533 slip 0.000 frames  136 hard-cut
26 V5c  in  156.613 use  4.567 slip 0.000 frames  137 hard-cut
27 V5d  in  161.177 use  4.567 slip 0.000 frames  137 hard-cut
04 H5a=RB in  165.740 use  4.600 slip 1.210 frames  138 hard-cut
03 H5b=RA in  170.317 use  4.567 slip 0.300 frames  137 hard-cut
28 V6a  in  174.893 use  4.567 slip 0.000 frames  137 hard-cut
29 V6b  in  179.470 use  4.567 slip 0.000 frames  137 hard-cut
30 V6c  in  184.047 use  4.600 slip 0.000 frames  138 hard-cut
31 V6d  in  188.623 use  4.567 slip 0.000 frames  137 hard-cut
03 H6a=RA in  193.200 use  4.567 slip 2.360 frames  137 hard-cut
04 H6b=RB in  197.760 use  4.567 slip 2.660 frames  137 hard-cut
03 O1=RA in  202.320 use  4.533 slip 1.090 frames  136 hard-cut
04 O2=RB in  206.880 use  4.567 slip 1.760 frames  137 hard-cut
32 O3   in  211.440 use  4.600 slip 0.000 frames  138
plan: 6481 frames (216.033 s)
wrote C:\Channel Contents\MinMiniKids\songs\A07-Butterfly\_cuts\A07-BUTTERFLY-ROUGH-TA.mp4 6481 video frames = plan 6481; container 216.040 s (audio 216.040 s)
01 I1   in    0.000 use  4.767 slip 0.000 frames  143 hard-cut
02 I2   in    4.777 use  4.567 slip 0.000 frames  137 hard-cut
03 CH1=RA in    9.340 use  4.567 slip 0.000 frames  137 hard-cut
04 CH2=RB in   13.902 use  4.567 slip 1.000 frames  137 hard-cut
05 CH3  in   18.465 use  4.567 slip 0.000 frames  137 hard-cut
06 CH4  in   23.027 use  4.567 slip 0.000 frames  137 hard-cut
07 V1a  in   27.590 use  4.567 slip 0.000 frames  137 hard-cut
08 V1b  in   32.153 use  4.533 slip 0.000 frames  136 hard-cut
09 V1c  in   36.715 use  4.567 slip 0.000 frames  137 hard-cut
10 V1d  in   41.278 use  4.567 slip 0.000 frames  137 hard-cut
04 H1a=RB in   45.840 use  4.600 slip 2.450 frames  138 hard-cut
03 H1b=RA in   50.420 use  4.567 slip 2.060 frames  137 hard-cut
11 V2a  in   55.000 use  4.567 slip 0.000 frames  137 hard-cut
12 V2b  in   59.580 use  4.600 slip 0.000 frames  138 hard-cut
13 V2c  in   64.160 use  4.567 slip 0.000 frames  137 hard-cut
14 V2d  in   68.740 use  4.600 slip 0.000 frames  138 hard-cut
03 H2a=RA in   73.320 use  4.567 slip 0.790 frames  137 hard-cut
04 H2b=RB in   77.912 use  4.600 slip 1.550 frames  138 hard-cut
15 V3a  in   82.505 use  4.600 slip 0.000 frames  138 hard-cut
16 V3b  in   87.097 use  4.600 slip 0.000 frames  138 hard-cut
17 V3c  in   91.690 use  4.567 slip 0.000 frames  137 hard-cut
18 V3d  in   96.282 use  4.600 slip 0.000 frames  138 hard-cut
05 BRKa=CH3 in  100.875 use  4.600 slip 0.220 frames  138 hard-cut
19 BRKb in  105.468 use  4.600 slip 0.000 frames  138 hard-cut
04 H3a=RB in  110.060 use  4.600 slip 3.000 frames  138 hard-cut
03 H3b=RA in  114.670 use  4.600 slip 2.850 frames  138 hard-cut
20 V4a  in  119.280 use  4.633 slip 0.000 frames  139 hard-cut
21 V4b  in  123.890 use  4.600 slip 0.000 frames  138 hard-cut
22 V4c  in  128.500 use  4.600 slip 0.000 frames  138 hard-cut
23 V4d  in  133.110 use  4.633 slip 0.000 frames  139 hard-cut
03 H4a=RA in  137.720 use  4.600 slip 1.580 frames  138 hard-cut
04 H4b=RB in  142.330 use  4.600 slip 2.100 frames  138 hard-cut
24 V5a  in  146.940 use  4.600 slip 0.000 frames  138 hard-cut
25 V5b  in  151.550 use  4.633 slip 0.000 frames  139 hard-cut
26 V5c  in  156.160 use  4.600 slip 0.000 frames  138 hard-cut
27 V5d  in  160.770 use  4.600 slip 0.000 frames  138 hard-cut
04 H5a=RB in  165.380 use  4.633 slip 1.210 frames  139 hard-cut
03 H5b=RA in  169.990 use  4.600 slip 0.300 frames  138 hard-cut
28 V6a  in  174.600 use  4.600 slip 0.000 frames  138 hard-cut
29 V6b  in  179.210 use  4.633 slip 0.000 frames  139 hard-cut
30 V6c  in  183.820 use  4.600 slip 0.000 frames  138 hard-cut
31 V6d  in  188.430 use  4.600 slip 0.000 frames  138 hard-cut
03 H6a=RA in  193.040 use  4.633 slip 2.360 frames  139 hard-cut
04 H6b=RB in  197.650 use  4.600 slip 2.660 frames  138 hard-cut
03 O1=RA in  202.260 use  4.600 slip 1.090 frames  138 hard-cut
04 O2=RB in  206.870 use  4.600 slip 1.760 frames  138 hard-cut
32 O3   in  211.480 use  4.633 slip 0.000 frames  139 hard-cut
33 O4   in  216.090 use  6.067 slip 0.000 frames  182
plan: 6665 frames (222.167 s)
wrote C:\Channel Contents\MinMiniKids\songs\A07-Butterfly\_cuts\A07-BUTTERFLY-ROUGH-EN.mp4 6665 video frames = plan 6665; container 222.167 s (audio 222.160 s)
