01 I1   in    0.000 use  4.600 slip 0.000 frames  138 hard-cut
02 I2   in    4.616 use  4.533 slip 0.000 frames  136 hard-cut
03 CH1=RA in    9.150 use  4.567 slip 0.000 frames  137 hard-cut
04 CH2=RB in   13.684 use  4.533 slip 1.000 frames  136 hard-cut
05 CH3  in   18.218 use  4.533 slip 0.000 frames  136 hard-cut
06 CH4  in   22.751 use  4.533 slip 0.000 frames  136 hard-cut
07 V1a  in   27.285 use  4.533 slip 0.000 frames  136 hard-cut
08 V1b  in   31.819 use  4.533 slip 0.000 frames  136 hard-cut
09 V1c  in   36.352 use  4.533 slip 0.000 frames  136 hard-cut
10 V1d  in   40.886 use  4.533 slip 0.000 frames  136 hard-cut
04 H1a=RB in   45.420 use  4.500 slip 2.450 frames  135 hard-cut
03 H1b=RA in   49.943 use  4.533 slip 2.060 frames  136 hard-cut
11 V2a  in   54.467 use  4.533 slip 0.000 frames  136 hard-cut
12 V2b  in   58.990 use  4.500 slip 0.000 frames  135 hard-cut
13 V2c  in   63.513 use  4.533 slip 0.000 frames  136 hard-cut
14 V2d  in   68.037 use  4.533 slip 0.000 frames  136 hard-cut
03 H2a=RA in   72.560 use  4.533 slip 0.790 frames  136 hard-cut
04 H2b=RB in   77.108 use  4.567 slip 1.550 frames  137 hard-cut
15 V3a  in   81.657 use  4.533 slip 0.000 frames  136 hard-cut
16 V3b  in   86.205 use  4.567 slip 0.000 frames  137 hard-cut
17 V3c  in   90.753 use  4.533 slip 0.000 frames  136 hard-cut
18 V3d  in   95.302 use  4.567 slip 0.000 frames  137 hard-cut
04 H3a=RB in   99.850 use  4.533 slip 3.000 frames  136 hard-cut
03 H3b=RA in  104.404 use  4.567 slip 2.850 frames  137 hard-cut
05 BRKa=CH3 in  108.957 use  4.533 slip 0.220 frames  136 hard-cut
19 BRKb in  113.511 use  4.567 slip 0.000 frames  137 hard-cut
20 V4a  in  118.065 use  4.567 slip 0.000 frames  137 hard-cut
21 V4b  in  122.619 use  4.533 slip 0.000 frames  136 hard-cut
22 V4c  in  127.172 use  4.567 slip 0.000 frames  137 hard-cut
23 V4d  in  131.726 use  4.533 slip 0.000 frames  136 hard-cut
03 H4a=RA in  136.280 use  4.567 slip 1.580 frames  137 hard-cut
04 H4b=RB in  140.847 use  4.567 slip 2.100 frames  137 hard-cut
24 V5a  in  145.413 use  4.567 slip 0.000 frames  137 hard-cut
25 V5b  in  149.980 use  4.567 slip 0.000 frames  137 hard-cut
26 V5c  in  154.547 use  4.567 slip 0.000 frames  137 hard-cut
27 V5d  in  159.113 use  4.567 slip 0.000 frames  137 hard-cut
04 H5a=RB in  163.680 use  4.567 slip 1.210 frames  137 hard-cut
03 H5b=RA in  168.230 use  4.533 slip 0.300 frames  136 hard-cut
28 V6a  in  172.780 use  4.567 slip 0.000 frames  137 hard-cut
29 V6b  in  177.330 use  4.533 slip 0.000 frames  136 hard-cut
30 V6c  in  181.880 use  4.567 slip 0.000 frames  137 hard-cut
31 V6d  in  186.430 use  4.533 slip 0.000 frames  136 hard-cut
03 H6a=RA in  190.980 use  4.600 slip 2.360 frames  138 hard-cut
04 H6b=RB in  195.570 use  4.600 slip 2.660 frames  138 hard-cut
03 O1=RA in  200.160 use  4.567 slip 1.090 frames  137 hard-cut
04 O2=RB in  204.750 use  4.600 slip 1.760 frames  138 hard-cut
32 O3   in  209.340 use  6.700 slip 0.000 frames  201
plan: 6481 frames (216.033 s)
wrote C:\Channel Contents\MinMiniKids\songs\A07-Butterfly\_cuts\A07-BUTTERFLY-ROUGH3-TA.mp4 6481 video frames = plan 6481; container 216.040 s (audio 216.040 s)
01 I1   in    0.000 use  4.767 slip 0.000 frames  143 hard-cut
02 I2   in    4.777 use  4.567 slip 0.000 frames  137 hard-cut
03 CH1=RA in    9.340 use  4.567 slip 0.000 frames  137 hard-cut
04 CH2=RB in   13.902 use  4.567 slip 1.000 frames  137 hard-cut
05 CH3  in   18.465 use  4.567 slip 0.000 frames  137 hard-cut
06 CH4  in   23.027 use  4.567 slip 0.000 frames  137 hard-cut
07 V1a  in   27.590 use  4.567 slip 0.000 frames  137 hard-cut
08 V1b  in   32.153 use  4.533 slip 0.000 frames  136 hard-cut
09 V1c  in   36.715 use  4.567 slip 0.000 frames  137 hard-cut
10 V1d  in   41.278 use  4.567 slip 0.000 frames  137 hard-cut
04 H1a=RB in   45.840 use  4.600 slip 2.450 frames  138 hard-cut
03 H1b=RA in   50.420 use  4.567 slip 2.060 frames  137 hard-cut
11 V2a  in   55.000 use  4.567 slip 0.000 frames  137 hard-cut
12 V2b  in   59.580 use  4.600 slip 0.000 frames  138 hard-cut
13 V2c  in   64.160 use  4.567 slip 0.000 frames  137 hard-cut
14 V2d  in   68.740 use  4.600 slip 0.000 frames  138 hard-cut
03 H2a=RA in   73.320 use  4.567 slip 0.790 frames  137 hard-cut
04 H2b=RB in   77.912 use  4.600 slip 1.550 frames  138 hard-cut
15 V3a  in   82.505 use  4.600 slip 0.000 frames  138 hard-cut
16 V3b  in   87.097 use  4.600 slip 0.000 frames  138 hard-cut
17 V3c  in   91.690 use  4.567 slip 0.000 frames  137 hard-cut
18 V3d  in   96.282 use  4.600 slip 0.000 frames  138 hard-cut
05 BRKa=CH3 in  100.875 use  4.600 slip 0.220 frames  138 hard-cut
19 BRKb in  105.468 use  4.600 slip 0.000 frames  138 hard-cut
04 H3a=RB in  110.060 use  4.600 slip 3.000 frames  138 hard-cut
03 H3b=RA in  114.670 use  4.600 slip 2.850 frames  138 hard-cut
20 V4a  in  119.280 use  4.633 slip 0.000 frames  139 hard-cut
21 V4b  in  123.890 use  4.600 slip 0.000 frames  138 hard-cut
22 V4c  in  128.500 use  4.600 slip 0.000 frames  138 hard-cut
23 V4d  in  133.110 use  4.633 slip 0.000 frames  139 hard-cut
03 H4a=RA in  137.720 use  4.600 slip 1.580 frames  138 hard-cut
04 H4b=RB in  142.330 use  4.600 slip 2.100 frames  138 hard-cut
24 V5a  in  146.940 use  4.600 slip 0.000 frames  138 hard-cut
25 V5b  in  151.550 use  4.633 slip 0.000 frames  139 hard-cut
26 V5c  in  156.160 use  4.600 slip 0.000 frames  138 hard-cut
27 V5d  in  160.770 use  4.600 slip 0.000 frames  138 hard-cut
04 H5a=RB in  165.380 use  4.633 slip 1.210 frames  139 hard-cut
03 H5b=RA in  169.990 use  4.600 slip 0.300 frames  138 hard-cut
28 V6a  in  174.600 use  4.600 slip 0.000 frames  138 hard-cut
29 V6b  in  179.210 use  4.633 slip 0.000 frames  139 hard-cut
30 V6c  in  183.820 use  4.600 slip 0.000 frames  138 hard-cut
31 V6d  in  188.430 use  4.600 slip 0.000 frames  138 hard-cut
03 H6a=RA in  193.040 use  4.633 slip 2.360 frames  139 hard-cut
04 H6b=RB in  197.650 use  4.600 slip 2.660 frames  138 hard-cut
03 O1=RA in  202.260 use  4.600 slip 1.090 frames  138 hard-cut
04 O2=RB in  206.870 use  4.600 slip 1.760 frames  138 hard-cut
32 O3   in  211.480 use  4.633 slip 0.000 frames  139 hard-cut
33 O4   in  216.090 use  6.067 slip 0.000 frames  182
plan: 6665 frames (222.167 s)
wrote C:\Channel Contents\MinMiniKids\songs\A07-Butterfly\_cuts\A07-BUTTERFLY-ROUGH3-EN.mp4 6665 video frames = plan 6665; container 222.167 s (audio 222.160 s)
